Generated 1000 systems.

=== Integrating =========================================================================================

terminate called after throwing an instance of 'swarm::swarm_error'
  what():  Error loading bodies from data.0.

=== Energy conservation test ============================================================================

terminate called after throwing an instance of 'swarm::swarm_error'
  what():  Cannot open output file 'log.bin'

=== Simple output datafile query ========================================================================

Printing outputs satisfying T=0.1..0.2002 sys=42
terminate called after throwing an instance of 'swarm::swarm_error'
  what():  Cannot open output file 'log.bin'

=========================================================================================================



